
> oracle-premiere-uxp@2.0.14 verify
> npm run check && npm test


> oracle-premiere-uxp@2.0.14 check
> node --check main.js && node --check src/app/oracle-shell.js && node --check src/app/oracle-panel-dom.js && node --check src/app/oracle-runtime-registry.js && node --check src/core/oracle-diagnostics.js && node --check src/settings/oracle-preferences.js && node --check src/data/oracle-data-schema.js && node --check src/data/oracle-migrations.js && node --check src/replays/oracle-replay-library.js && node --check src/replays/oracle-replay-workspace.js && node --check src/replays/oracle-replay-organization.js && node --check src/replays/oracle-replay-lifecycle-ui.js && node --check src/replays/oracle-replay-viewer.js && node --check src/curves/oracle-curve-math.js && node --check src/curves/oracle-curve-presets.js && node --check src/curves/oracle-premiere-curves-adapter.js && node --check src/curves/oracle-curves-workspace.js && node --check src/quick-apply/oracle-effect-index.js && node --check src/quick-apply/oracle-premiere-effects-adapter.js && node --check src/quick-apply/oracle-quick-apply-domain.js && node --check src/quick-apply/oracle-quick-apply-workspace.js && node --check m1.shell-preferences.test.cjs && node --check m2.replay-library.test.cjs && node --check m2.replay-workspace.test.cjs && node --check m3.replay-organization.test.cjs && node --check m3.replay-lifecycle-ui.test.cjs && node --check m3.main-controller-acceptance.test.cjs && node --check m4.replay-viewer.test.cjs && node --check m4.main-controller-acceptance.test.cjs && node --check m5.curve-math.test.cjs && node --check m5.curve-presets.test.cjs && node --check m5.curves-adapter.test.cjs && node --check m5.curves-workspace.test.cjs && node --check m5.main-controller-acceptance.test.cjs && node --check m6.effect-index.test.cjs && node --check m6.premiere-effects-adapter.test.cjs && node --check m6.quick-apply-domain.test.cjs && node --check m6.quick-apply-workspace.test.cjs && node --check m6.main-controller-acceptance.test.cjs && node --check m7.panel-dom.test.cjs && node --check m7.runtime-registry.test.cjs && node --check m7.multi-panel.test.cjs && node --check m8.quick-apply-command.test.cjs && node --check m9.diagnostics.test.cjs && node --check m9.release-staging.test.cjs && node --check m9.ccx-verifier.test.cjs && node --check release/run-m9-benchmarks.cjs && node --check main.ui.test.cjs && node --check main.watcher.test.cjs && node --check oracle-overdrive.m0.test.cjs && node --check src/core/feature-flags.js && node --check bridge/server.cjs && node --check bridge/publish.cjs && node --check bridge/server.test.cjs && tsc --noEmit -p jsconfig.json


> oracle-premiere-uxp@2.0.14 test
> node --test bridge/server.test.cjs m1.shell-preferences.test.cjs m2.replay-library.test.cjs m2.replay-workspace.test.cjs m3.replay-organization.test.cjs m3.replay-lifecycle-ui.test.cjs m3.main-controller-acceptance.test.cjs m4.replay-viewer.test.cjs m4.main-controller-acceptance.test.cjs m5.curve-math.test.cjs m5.curve-presets.test.cjs m5.curves-adapter.test.cjs m5.curves-workspace.test.cjs m5.main-controller-acceptance.test.cjs m6.effect-index.test.cjs m6.premiere-effects-adapter.test.cjs m6.quick-apply-domain.test.cjs m6.quick-apply-workspace.test.cjs m6.main-controller-acceptance.test.cjs m7.panel-dom.test.cjs m7.runtime-registry.test.cjs m7.multi-panel.test.cjs m8.quick-apply-command.test.cjs m9.diagnostics.test.cjs m9.release-staging.test.cjs m9.ccx-verifier.test.cjs main.performance.test.cjs main.history.test.cjs main.watcher.test.cjs main.native-drag.test.cjs main.ui.test.cjs oracle-overdrive.m0.test.cjs

✔ inbound JPEG validation requires a bounded complete SOF frame (2.3385ms)
✔ per-socket message queue serializes async work and applies pause/resume backpressure (4.5234ms)
✔ per-socket message queue has hard message/byte bounds and drops queued work on overflow (0.3822ms)
✔ HTTP health check identifies the bridge without a WebSocket (75.7617ms)
✔ development bridge refuses non-loopback bind hosts (0.2165ms)
✔ media path normalization preserves valid spaced, Unicode, long, and UNC Windows paths (0.4408ms)
✔ development publisher refuses a non-loopback bridge URL (212.0978ms)
✔ bridge hello advertises protocol 2 while retaining protocol 1 compatibility (14.9614ms)
✔ protocol 2 subscribe validates schema, client, and bounded thumbnail request (5.0541ms)
✔ publisher status messages are acknowledged without becoming renders (3.5706ms)
✔ one socket preserves wire order across asynchronous render inspection and later status (47.5826ms)
✔ outputPath is accepted and a missing thumbnail remains non-fatal (20.479ms)
✔ render_complete is broadcast immediately and retained for reconnect (10.0747ms)
✔ protocol 2 render metadata remains exact and repeated physical exports deduplicate (5.7289ms)
✔ protocol 2 rejects wrong replay schema and stable event ID collisions (5.8727ms)
✔ retained replay history is capped independently from imports (9.0438ms)
✔ IMPORT_CLIP is forwarded immediately without requiring the file to exist yet (12.3628ms)
✔ IMPORT_CLIP forwards an in-memory JPEG thumbnail without creating an image file (6.5593ms)
✔ IMPORT_CLIP rejects relative paths (4.1858ms)
✔ retained import history is bounded and repeated paths deduplicate (9.9938ms)
✔ protocol 2 replay path reconciliation atomically updates guarded replay and import snapshots (15.5687ms)
✔ replay path reconciliation requires a v2 subscriber and rejects schema, identity, and match failures (5.8654ms)
✔ media validation rejects image sequences, directories, traversal, and alternate streams (9.3875ms)
✔ malformed JSON values and binary frames are rejected without retention (4.7061ms)
✔ WebSocket transport closes oversized messages at the 12 MB boundary (78.1299ms)
✔ normal development logs never include media paths or raw payloads (3.833ms)
✔ invalid render paths are rejected and never broadcast (2.634ms)
✔ M1 preferences defaults cover every product section with destructive behavior off (3.0847ms)
✔ corrupt settings recover safely and legacy theme/grid values migrate once (0.4574ms)
✔ saved preferences survive restart and validation rejects unsafe contrast (0.8786ms)
✔ header grid changes commit through the same versioned Preferences repository (0.7455ms)
✔ Data and Diagnostics exposes versioned metadata import, export, and confirmed reset without hiding private-path scope (0.4482ms)
✔ malformed settings and metadata picker input remains transactional and restores the Preferences busy state (0.9089ms)
✔ metadata picker actions route only versioned payloads through injected I/O and preserve cancel semantics (0.6293ms)
✔ metadata import preflights UXP file size before reading and fails closed without trustworthy size metadata (0.6045ms)
✔ normalization clamps inputs, deduplicates roots, and never persists an original avatar path (0.426ms)
✔ hostile numerics fall back deterministically and cannot be saved as NaN (0.5202ms)
✔ replay roots accept absolute Windows locations and reject traversal, ADS, and relative input (0.3393ms)
✔ Cancel restores the committed snapshot without persisting preview changes (0.3156ms)
✔ avatar validation recognizes supported bytes, bounds dimensions, and computes square cover crop (0.5394ms)
✔ shared color utilities round-trip and preference validation catches curve and border errors (0.5206ms)
✔ M9 supported themes prove text, control, focus, surface, and accent contrast and preview unsafe drafts through safe tokens (0.914ms)
✔ M9 high-contrast mode uses system colors and keeps selected and focused controls distinguishable (0.2341ms)
✔ focus trap wraps both directions and does not touch ordinary keys (0.2563ms)
✔ focus discovery excludes controls inside hidden tabpanels and nested hidden popovers (0.115ms)
✔ profile avatar replacement can commit or roll back without deleting the previous image (0.6116ms)
✔ color-picker Cancel restores its opening value while Apply keeps the preview (0.1735ms)
✔ color-picker anchors through its containing dialog when UXP omits offsetParent (0.2993ms)
✔ dismissal respects an earlier gesture owner and closes only when Escape remains available (0.274ms)
✔ drawer restores focus only after promoted UXP inputs are visible again (0.2789ms)
✔ shell routing is scoped to its inferred panel root and never hides a dedicated panel view (0.3386ms)
✔ document-level shell keys are ignored while another panel root owns interaction (0.1867ms)
✔ open Preferences never consumes keyboard input owned by a dedicated panel root (0.2783ms)
✔ committing Preferences leaves Tab and Escape to a higher-priority modal dialog (0.2382ms)
✔ shell markup exposes only real routes and keeps overlays outside replay input ownership (0.8893ms)
✔ compact-height navigation keeps every real route reachable without status overlap (0.2907ms)
✔ narrow Preferences keeps Reset, Cancel, and Apply inside the dialog footer (0.5135ms)
✔ responsive geometry remains deterministic through narrow, wide, collapsed, and repeated resize states (3.024ms)
✔ M2 bridge ingest accepts valid local/UNC Unicode media and rejects unsafe paths and versions (6.4909ms)
✔ v1 compatibility is explicit and malformed thumbnail data cannot enter v3 state (0.5993ms)
✔ versioned replay metadata export deep-clones valid v3 state and excludes live-only thumbnail payloads (3.4238ms)
✔ metadata export recursively strips raw thumbnail and image aliases without mutating permissive v3 fields (0.6745ms)
✔ replay metadata import preserves current v3 snapshots and completely migrates supported legacy state (2.465ms)
✔ replay metadata import rejects malformed, unsupported, incomplete, and lossy envelopes (11.4749ms)
✔ metadata import rejects recursive raw image aliases with the exact offending path (3.7647ms)
✔ metadata import rejects executable and non-replay paths but accepts every supported replay extension (5.5491ms)
✔ ReplayLibraryStore uses immutable v3 records and deduplicates stable events and physical identity (1.5145ms)
✔ same canonical path and stable file identity converge across later size and mtime observations (1.8037ms)
✔ event ID reuse still rejects changed paths, identities, and unproven observations (1.1958ms)
✔ domain patches validate by replay ID while runtime handles stay outside persistent state (0.7646ms)
✔ panel subscriptions can skip eager O(n) presentation snapshots and identify domain fields (0.5318ms)
✔ stable event replay after restart preserves user metadata and rejects event ID collisions (1.0559ms)
✔ 5,000-record snapshot ingestion batches state and emits once (683.9077ms)
✔ duration formatting preserves useful centiseconds across seconds, minutes, and hours (0.1548ms)
✔ selectors cover views, filters, chronological groups, and 5,000-record search under 50 ms (84.1108ms)
✔ virtual windows cap DOM work for 100, 1,000, and 5,000 records while retaining spacers (0.3161ms)
✔ bounded task queue enforces concurrency and cancels pending work (11.2088ms)
✔ thumbnail cache keys invalidate on identity/mtime/position changes and permanent JPEG bytes survive restart (3.4516ms)
✔ production thumbnail encoder decodes, center-crops, resamples, and emits verified JPEG bytes through the UXP canvas seam (0.8749ms)
✔ thumbnail cache generates and verifies real requested 1x/high-DPI JPEG dimensions with reusable bounded variants (1.7401ms)
✔ thumbnail variant encoding fails closed on unavailable UXP encoding, bad output dimensions, and unsafe requests (1.2911ms)
✔ thumbnail resampling observes clear/invalidation cancellation and cannot commit late variant bytes (1.0205ms)
✔ thumbnail cache rejects missing, truncated, oversized, and decompression-bomb SOF dimensions before persistence (0.552ms)
✔ thumbnail index loading whitelists bounded canonical metadata and rejects aggregate poisoning (2.3066ms)
✔ thumbnail cancellation removes staged bytes and cannot poison the permanent cache (0.5979ms)
✔ v3 state writes stage, verify, rotate last-known-good, and recover primary on replace failure (2.7566ms)
✔ all-present-invalid state candidates stop hydration and healing without any write or rotation (0.5594ms)
✔ true first run remains writable and a valid backup can still heal the primary (0.7669ms)
✔ native durable writer takes precedence and receives the validated staged state contract (0.2173ms)
✔ M2 replay query normalization is bounded and preserves real filter semantics (2.0034ms)
✔ replay workspace uses APG tabs, real facets, result status, and deterministic cleanup (3.5076ms)
✔ M2 metadata stabilization requires a delayed second filesystem observation even when declared metadata matches (5.7794ms)
✔ M2 metadata stabilization rejects a premature producer declaration that changes during observation (1.3085ms)
✔ M2 metadata stabilization rejects continuously growing size within the bounded attempts (1.1043ms)
✔ M2 metadata stabilization rejects changing modification time within the bounded attempts (1.063ms)
✔ M3 processing epoch cannot apply old-file observations to a reused replay ID (1.2936ms)
✔ M3 native watcher roots keep configured replay/relink roots recursive and known parents bounded (13.0123ms)
✔ M3 watcher overlap merging upgrades exact roots to recursive and distinguishes nonrecursive descendants (1.1427ms)
✔ M3 preference previews never restart native watching while committed root changes do (1.3069ms)
✔ M3 archive, metadata removal, and recycle execute against the original modal confirmation (5.2448ms)
✔ M3 delete rejects a modal confirmation made stale by a path/state change (2.4883ms)
✔ M3 source rename cancels processing, releases Source Monitor, and rechecks Premiere immediately before mutation (6.2883ms)
✔ M3 final Premiere reference recheck blocks rename after handle release without touching the file (2.5414ms)
✔ M3 metadata replacement validates before mutation and restores the exact prior state after an atomic write failure (4.2495ms)
✔ M3 metadata replacement aborts on a native unregister result failure and restores partial registry changes (2.4296ms)
✔ M3 metadata commit drains domain writes, refreshes every mount, discards stale drafts, and resumes watching once (1.3661ms)
✔ M3 metadata poller epoch drops an in-flight old-directory scan after tracked files are replaced (1.1911ms)
✔ M3 bridge snapshots wait for metadata commit or rollback before mutating replay state (1.0384ms)
✔ M3 recycle cancels processing, releases Source Monitor, and revalidates the original confirmation before native deletion (1.1649ms)
✔ M3 bootstrap markup reserves a visible, announced Minecraft-styled loading or fatal state (0.298ms)
✔ M3 bootstrap catches add-on, constructor, and asynchronous start failures into the visible fatal shell (2.9741ms)
✔ M3 bootstrap keeps loading visible until controller start resolves, then reveals the real shell (7.5022ms)
✔ M3 bootstrap treats UXP font rejection as a progressive fallback, never an empty or fatal panel (0.9779ms)
✔ M3 hot reload awaits delayed referenced and event-registered teardown before the new runtime owns the DOM (1.549ms)
✔ M3 shared bootstrap gate lets only the newest UDT runtime finish asynchronous startup (1.2067ms)
✔ M3 bootstrap supersession waits for in-flight start and asynchronous controller retirement (1.4892ms)
✔ M3 collection drafts stay manual when optional smart fields are blank and close date bounds include the full day (4.0323ms)
✔ M3 source-name validation accepts every supported video extension while preserving it (0.7014ms)
✔ M3 modal chrome clears a prior rename blocker and smart membership is visibly rule-driven (9.1392ms)
✔ M3 ambiguous relink confirmation exposes the exact source, candidate, score, and reason before apply (3.0709ms)
✔ M3 existing smart collections show rule details and save every supported rule field and operator (27.6132ms)
✔ M3 delete UI defaults to archive, opts into danger explicitly, and renders partial recycle results (0.6645ms)
✔ M3 pending focus frames are canceled on close and destroy (0.2874ms)
✔ M3 six-dot collection reorder commits the exact before/after order without invoking file work (20.329ms)
✔ M9 collection reorder handles support keyboard transactions, focus restoration, announcements, and rollback (5.0471ms)
✔ M3 grid sends Ctrl/Shift clicks to selection and Escape never steals an open overlay (3.3849ms)
✔ M3 replay reorder handles own their pointer sequence and never enter native OLE (1.4945ms)
✔ M9 replay reorder buttons support keyboard placement and instructions without invoking import or native OLE (1.3295ms)
✔ M3 context-action inventory and parameterized routing cover every rendered command without OLE (1.9377ms)
✔ M3 context menu exposes exact disabled reasons and labels, supports keyboard movement, Escape, and focus restoration (1.1718ms)
✔ M3 right-click preserves a selected batch, selects an unselected card, and routes the exact selection (1.2459ms)
✔ M3 context action capability states fail closed with exact reasons and enable only proven host adapters (3.0383ms)
✔ M3 routed context actions invoke the exact viewer, gateway, organization, and lifecycle effects (1.8292ms)
✔ M3 context menu remains viewport-bounded and OLE dispatch is absent from reorder and context handlers (0.4681ms)
✔ M3 collection plans create, rename, recolor, reorder, duplicate, and delete immutably (9.5756ms)
✔ M3 replay metadata and bounded batch actions preserve schema and case-insensitive tag identity (2.2991ms)
✔ M3 collection replay order is deterministic and isolated from smart collections (1.9018ms)
✔ M3 smart rules validate and evaluate every required user-visible field (0.6783ms)
✔ M3 recent, persisted most-used, and saved-search helpers remain deterministic (12.5215ms)
✔ M3 selection reducer covers plain, Ctrl, Shift, arrows, keyboard range, Ctrl+A, and Escape (0.7653ms)
✔ M3 source rename plan preserves extension, guards exact identity, and requires Premiere warning (4.5056ms)
✔ M3 relink scoring is root-bounded, deterministic, ambiguity-aware, and honest across volumes (3.6648ms)
✔ M3 batch relink requires explicit unique mappings (0.8386ms)
✔ M3 delete confirmation defaults to archive and recycle plans expose blocked and partial results (4.2208ms)
✔ M3 metadata-only removal is limited to missing media and cleans collection order and usage (1.0691ms)
✔ M4 Source Monitor adapter waits for exact host identity publication without trusting open success (4.9059ms)
✔ M4 Source Monitor adapter leaves the editor's prior clip untouched when identity publication times out (9.7045ms)
✔ M4 Source Monitor adapter owns the exact replay and exposes only physically supported controls (2.2262ms)
✔ M4 Source Monitor adapter never drives or closes a clip the editor selected afterward (0.9676ms)
✔ M4 Source Monitor adapter exposes actionable missing and codec recovery without fake conversion (2.188ms)
✔ M4 viewer tray is a docked replay-scroller sibling with honest bounded controls (1.4001ms)
✔ M4 main integration preserves click-to-Source-Monitor and releases viewer before mutations (1.1331ms)
✔ M4 missing-path release attempts every viewer mount without awaiting its own processing task (3.3504ms)
✔ M4 integration clears the old poster before assigning a new replay poster (0.2758ms)
✔ M4 production never silently transcodes or reads whole replay files into Blob memory (1.8121ms)
✔ M4 viewer exports a bounded Source Monitor contract and precise time formatting (3.074ms)
✔ M4 viewer starts hidden, accepts integration element aliases, and explains every unsupported control (3.2784ms)
✔ M4 viewer opens only a verified Source Monitor session and publishes honest capabilities (4.2661ms)
✔ M4 viewer polls position only while its verified source is open and playing (2.8332ms)
✔ M4 seek is duration-gated, clamps real host seeks, and coalesces rapid scrub input (6.2699ms)
✔ M4 frame stepping is fps-gated, pauses playback, reads live position, and clamps bounds (1.8382ms)
✔ M4 keyboard transport operates only while viewer focus is owned and ignores form controls (0.6525ms)
✔ M4 rapid replay switching serializes host opens and releases the stale ownership token (0.5374ms)
✔ M4 failed A-to-B switch cannot retain A ownership or poster under B state (4.9672ms)
✔ M4 rejected switch preserves A only when its verified release itself fails (0.9197ms)
✔ M4 releaseReplayIds closes only the matching active or in-flight replay with its ownership token (1.0001ms)
✔ M4 ownership loss fails closed and never asks the controller to close an unowned token (0.813ms)
✔ M4 invalid, unavailable, and malformed sessions stay visible as actionable errors (0.7143ms)
✔ M4 missing media and codec failures expose distinct recovery actions (1.0365ms)
✔ M4 close and teardown clear poster sources and restore the focus that opened the tray (0.3456ms)
✔ M4 teardown is idempotent, cancels polling/listeners, and releases before adapter destruction (0.6944ms)
✔ M4 viewer implementation contains no fake media, object URL, transcode, grid, or UXP-unsafe child replacement path (0.5439ms)
✔ cubic Bezier solver solves x before evaluating y, including flat slopes (2.0673ms)
✔ numeric and PointF interpolation preserve endpoint types and reject unsafe types (1.2723ms)
✔ TickTime comparison remains exact beyond Number.MAX_SAFE_INTEGER (0.4061ms)
✔ keyframe bracketing is deterministic before, on, between, and after unsorted keys (1.0828ms)
✔ tick quantization uses exact integer arithmetic and deterministic tie handling (0.2994ms)
✔ adaptive sample planning is bounded, quantized, deterministic, and collision free (1.314ms)
✔ short quantized ranges retain exact endpoints without duplicate TickTimes (0.2798ms)
✔ baked samples preserve endpoints and occupied user keys (1.6969ms)
✔ curve thumbnails are deterministic vector path data with no bitmap payload (0.8312ms)
✔ built-in presets have the exact accepted names and are deeply immutable (7.7459ms)
✔ user preset normalization validates curves and bounds settings, tags, and identity (3.4581ms)
✔ CRUD is copy-on-write, confirms destructive operations, and preserves ordering (2.3188ms)
✔ favorites keep built-ins immutable and user tags remain bounded (0.7055ms)
✔ folder operations assign, reorder, and safely unfile presets on confirmed delete (1.0079ms)
✔ user preset organization updates tags and folder in one bounded library revision (0.6103ms)
✔ search keeps Built-in/User groups distinct and returns generated path thumbnails (4.827ms)
✔ legacy preset documents migrate to the current version (0.9404ms)
✔ versioned JSON export is deterministic, excludes generated thumbnails, and rejects Premiere preset formats (0.9573ms)
✔ import merge never overwrites colliding user presets and replace is explicit (0.7101ms)
✔ preset JSON limits use true UTF-8 bytes and expose a fail-closed file preflight (3.9938ms)
✔ source is a standalone UXP global plus Node module without fake baked mutation paths (1.5375ms)
✔ exact TickTime ordering never loses precision and handles signed values (1.0193ms)
✔ Premiere float arrays are normalized as readable PointF values (0.221ms)
✔ bracketing is deterministic before, on, between, and after keys (1.099ms)
✔ a single exact key is not misrepresented as an editable segment (0.173ms)
✔ selection inspection uses matchName occurrence and parameter index/value kind identities (4.8913ms)
✔ missing project and sequence produce reason-coded empty capabilities (0.7988ms)
✔ observation is visible-only, adaptive, event-assisted, and fully detached on destroy (2.8752ms)
✔ refresh requests coalesce and never overlap host selection reads (4.9067ms)
✔ native planning re-resolves the active selection and rejects a stale snapshot (2.4911ms)
✔ nonzero start, trims, speed, and reverse all fail closed as unproven time bases (3.8343ms)
✔ native Apply creates all actions synchronously in one locked transaction and verifies readback (2.3032ms)
✔ a no-change native plan avoids creating a meaningless Undo step (5.8089ms)
✔ Apply rejects stale plans before entering lockedAccess (1.806ms)
✔ compound addAction rejection and false transaction results are hard failures (3.9739ms)
✔ readback mismatch is reported instead of being hidden (1.0887ms)
✔ baked planning stays disabled without proof and explicitly rejects PointF interpolation readback (1.3077ms)
✔ a validated numeric runtime proof enables one-transaction baked Apply and exact owned-key cleanup (2.5099ms)
✔ baked planning requires the exact host ticks-per-frame grid (2.0948ms)
✔ baked cleanup aborts all removals when any issued key no longer matches its ownership receipt (1.4324ms)
✔ an identical-looking replacement key is not treated as Oracle-owned (1.4573ms)
✔ cleanup cannot remove keys because no physically proven ownership receipt issuer exists (0.2535ms)
✔ M5 workspace exposes a strict state model, integration aliases, and normalized graph utilities (3.0651ms)
✔ M1 Curves color preferences normalize and update the real graph tokens (10.1594ms)
✔ M5 baked mode requires the complete explicit runtime proof, never a hopeful capability boolean (2.9831ms)
✔ M5 lifecycle activates host observation only while both route-visible and active (7.0684ms)
✔ M5 ready state presents a stable property selector across multiple compatible clips (4.2883ms)
✔ M5 loading, empty, unsupported, and error snapshots always leave an actionable visible state (30.181ms)
✔ M5 pointer preview is pointer-captured, snapped, RAF-coalesced, and never mutates Premiere (4.0002ms)
✔ M5 Alt modifier overrides snapping and keyboard/numeric edits remain precise and announced (2.5345ms)
✔ M5 graph tools fit, reset, mirror, reverse, copy, and paste operate on local state (3.6763ms)
✔ M5 native Apply plans once, preserves the selected bindings, and accepts only verified one-step readback (4.2978ms)
✔ M5 baked controls stay disabled with the adapter's exact proof reason and cannot call host actions (2.0044ms)
✔ M5 proven numeric baked mode generates exact frame-quantized samples before the adapter plan (3.6101ms)
✔ M5 configurable graph subdivisions render real SVG grid lines and honor visibility (1.8557ms)
✔ M5 baked warning threshold requires explicit confirmation before any host plan (4.133ms)
✔ M5 built-in and user preset tabs remain distinct, load generated previews, and keep built-ins immutable (15.716ms)
✔ M5 user preset tags and folders render, edit atomically, and keep real management hooks gated (48.653ms)
✔ M5 user preset ordering uses a dedicated pointer-captured handle with persisted target index (18.0552ms)
✔ M9 Curves preset tabs and listbox use APG roving focus with explicit keyboard activation (9.7781ms)
✔ M5 destructive user-preset hooks require explicit confirmation and JSON hooks stay honest (16.0451ms)
✔ M5 hidden workspace cancels pending previews and teardown is idempotent without destroying a shared adapter (4.5358ms)
✔ M5 workspace source contains no fake media, unsafe child replacement, CSS layout grid, Blob URL, or Premiere preset path (3.7032ms)
✔ M5 stable revision loads every Curves dependency before main with one cachebuster (3.091ms)
✔ M5 Curves route remains real as later routes advance (1.2519ms)
✔ M5 workspace markup exposes every wired selector, graph, action, and nonblank state (3.3119ms)
✔ M5 controller uses the real Premiere adapter, strict baked proof, and route-scoped observation (1.5105ms)
✔ M5 presets persist in Oracle v3 state with real JSON pickers and confirmations (2.899ms)
✔ M5 focused suites are part of the full verification stack (0.1632ms)
✔ effect index preserves the exact host video mapping, audio grouping, and duplicate occurrences (2.2932ms)
✔ effect index refuses to guess a mismatched video display/match mapping (0.9205ms)
✔ cache validation rejects stale host versions, forged IDs, and broken duplicate ordering (6.7505ms)
✔ bounded typo-tolerant search finds host effects without inventing categories (1.1755ms)
✔ 5,000-effect local search stays inside the Milestone 6 keystroke budget (52.645ms)
✔ M6 dependencies remain ordered before main with one current stable cachebuster (2.2787ms)
✔ M6 Quick Apply route is enabled and its complete workspace contract is mounted (5.5858ms)
✔ M6 main validates every Quick Apply global and constructs real services only after v3 hydration (2.6364ms)
✔ M6 v3 facades are distinct, preserve sibling domains, and are wired to the correct consumers (1.6614ms)
✔ M6 persistence is awaitable and propagates failures to adapters and domain actions (1.0308ms)
✔ M6 forwards route and preferences lifecycle and wires real JSON and confirmation hooks (2.6106ms)
✔ M6 UXP recipe import verifies file size before reading and rechecks true UTF-8 bytes (0.36ms)
✔ M6 controller teardown releases each Quick Apply owner and shared-adapter lease exactly once (0.998ms)
✔ M6 feature flag and every focused module/test participate in the full verification stack (0.4023ms)
✔ corrupt cache is cleared and rebuilt from the exact installed host factories (11.592ms)
▶ inspectHost reports missing and failed effect discovery honestly instead of ready Available
  ✔ an index has not been loaded (1.6172ms)
  ✔ an installed factory method is missing (1.8021ms)
  ✔ a factory call fails while rebuilding the index (1.0664ms)
✔ inspectHost reports missing and failed effect discovery honestly instead of ready Available (10.2813ms)
✔ observation is visible-only, bounded to 100-250 ms, and removes host listeners on hide (1.463ms)
✔ opaque media identity is exposed while factory plus chain action proves exact video compatibility (8.6165ms)
✔ Apply Once is duplicate-safe by stable match identity and records no false history (0.7105ms)
✔ video factory identity may publish only after append while exact chain readback remains mandatory (0.8007ms)
✔ Premiere 26.3 append actions are created only inside project lockedAccess and recreated for apply (1.8262ms)
✔ wrong committed video identity fails exact readback after the transaction and reports the partial boundary (1.1287ms)
✔ a null video factory token fails before action creation or transaction (0.8864ms)
✔ a stale effect stack invalidates a preflight plan before any transaction (0.6103ms)
✔ a second append-action creation failure starts no recipe transaction and mutates no component (1.7483ms)
✔ transaction rejection does not commit components or claim verified history (9.0618ms)
✔ transaction action rejection retains the exact transaction boundary details (1.8461ms)
✔ audio application uses createComponentByDisplayName and skips incompatible video items explicitly (9.8698ms)
✔ empty selection returns a non-executable exact report without a transaction (0.4305ms)
✔ Oracle Recipe applies ordered components, then parameters, with exact two-stage readback (3.5874ms)
▶ recipe compatibility metadata is enforced before any effect candidate or transaction
  ✔ minimum Premiere version (0.5769ms)
  ✔ effect-index version (0.2892ms)
  ✔ matching metadata remains executable (0.3447ms)
✔ recipe compatibility metadata is enforced before any effect candidate or transaction (1.6124ms)
✔ recipe parameter readback failure reports the unavoidable committed boundary honestly (0.8174ms)
✔ recipe preflight rejects time-varying parameters before adding any component (0.4402ms)
✔ duplicate audio display names remain indexed but application fails closed instead of guessing (0.464ms)
✔ generic parameter metadata is honestly unavailable while explicit recipe values remain supported (0.2806ms)
✔ destroy cancels timers/listeners and makes issued plans unusable (2.9507ms)
✔ public effect IDs remain stable across JSON cache validation (0.3411ms)
✔ M6 effect normalization preserves host mapping, duplicate occurrence, grouping, and absent category truth (3.2854ms)
✔ M6 grouping preference drives stable domain groups without inventing missing Premiere categories (50.3791ms)
✔ M6 bounded typo-tolerant search returns 5,000-record results within the 50 ms local budget (200.0763ms)
✔ M6 selection normalization exposes mixed and unresolved media without silently claiming compatibility (1.0198ms)
✔ M6 verified effect application uses plan then apply and records Recent only after receipt verification (1.6986ms)
✔ M6 unverified apply reports failure and never records history (0.8246ms)
✔ M6 favorites and Recent stay bounded and durable through the provided v3-state facades (0.7869ms)
✔ M6 Oracle Recipes validate ordered host effects, indexed values, migration, and JSON-only import/export (1.7116ms)
✔ M6 recipe Apply Once defaults flow into every step while explicit step overrides win (1.1565ms)
✔ M6 supported-parameter discovery requires explicit host and descriptor proof (0.7124ms)
✔ M6 recipe JSON import enforces the 2 MB limit on UTF-8 bytes, not JavaScript characters (9.3477ms)
✔ M6 strict recipe bounds match the adapter and oversized JSON imports are rejected, never truncated (0.5834ms)
✔ M6 recipe CRUD persists ordered stacks and applies through the honest two-stage adapter boundary (2.1497ms)
✔ M6 adapter receipts retain committed, partial-failure, stage, Undo, and skipped boundaries (0.9509ms)
✔ M6 returned partial recipe receipts remain exact instead of collapsing to a generic unverified error (0.5589ms)
✔ M6 persistence rejection is reported and rolled back without misreporting host mutation truth (1.5278ms)
✔ M6 verified Oracle Recipe applications participate in durable Recent history (0.6815ms)
✔ M6 explicit refresh uses the host-derived index rebuild and selection refresh APIs (0.4877ms)
✔ M6 lifecycle forwards visibility/activation and owned teardown without duplicate services (0.2693ms)
✔ M6 workspace exposes stable integration IDs and aliases (4.2851ms)
✔ M6 canonical elements protect the main Replays empty state from Quick Apply clean snapshots (3.4281ms)
✔ M6 always renders a nonblank state and host-truth result presentation (1.4516ms)
✔ M6 renders domain grouping as labeled ARIA groups without changing option behavior (0.7473ms)
✔ M6 lifecycle auto-focuses search only while visible and active and cleans listeners once (5.0032ms)
✔ M6 keyboard search supports Up/Down, Enter apply, and layered Escape (3.3075ms)
✔ M9 Quick Apply scopes use one roving tab stop with Arrow, Home, End, Enter, and Space activation (2.9992ms)
✔ M6 Apply status is immediate, verified, and does not blank or disable unrelated results (1.4952ms)
✔ M6 recipe editor is a real two-stage ordered-effect and supported-parameter contract (2.8394ms)
✔ M6 parameter stage stays useful and honest when Premiere exposes no semantic descriptors (1.0497ms)
✔ M6 Recipe import/export controls are wired only when UXP file hooks exist (2.439ms)
✔ M6 source remains UXP-safe, responsive, and contains no fake preset or hotkey surface (0.9808ms)
✔ M7 manifest exposes exactly four real panel entrypoints with inter-panel communication (1.5998ms)
✔ M7 registers all panels in one lifecycle setup and retains one application controller (1.8003ms)
✔ M7 captures pristine workspace blueprints before bootstrap and never clones the main shell (1ms)
✔ M7 source document IDs remain unique and the main shell is explicitly scoped (0.7189ms)
✔ M7 dedicated roots always have styled loading/error UI and mount-relative workspaces (0.4692ms)
✔ M7 teardown is panel-local while plugin teardown owns singleton services (1.4389ms)
✔ M7 main panel lifecycle gates route observation without acquiring replacement leases (1.7667ms)
✔ M7 create prepares an inert root while show alone activates and mounts it (0.4874ms)
✔ M7 rejects a panel ID collision on an already-owned UXP root (0.322ms)
✔ M7 first dedicated mount applies committed preferences and keeps action feedback panel-local (2.2549ms)
✔ M7 compact workspaces preserve controls and never anchor past a visible replay toolbar (1.9276ms)
✔ M7 emergency renderer leaves an actionable visible state when panel helpers are unavailable (1.0932ms)
✔ M7 dedicated teardown awaits delayed workspace cleanup, remains idempotent, and continues after rejection (7.6081ms)
✔ M7 shared controller teardown awaits workspace, viewer, and coordinator cleanup while continuing after failure (4.205ms)
✔ M7 host registry mounts four panel entrypoints concurrently, shares state, survives arbitrary reopen order, and restarts cleanly (19.0305ms)
✔ M7 resolves direct UXP roots and value.node wrappers without accepting arbitrary objects (1.4104ms)
✔ M7 dedicated shells render loading or actionable error copy synchronously and never blank (0.73ms)
✔ M7 pristine blueprints ignore later runtime render mutations and rewrite every local IDREF (4.0583ms)
✔ M7 blueprint capture and document validation reject duplicate IDs with exact evidence (1.0882ms)
✔ activation leases aggregate visible-and-active observation and start the raw adapter once (16.5994ms)
✔ concurrent activation lease starts share one asynchronous raw start (0.7226ms)
✔ activation coordinator teardown destroys the raw adapter even when deactivation throws (0.5474ms)
✔ Source Monitor leases serialize opens, revoke the prior owner, and gate every owned operation (3.4455ms)
✔ a failed prior-owner close blocks the next open and preserves exact ownership (4.2585ms)
✔ tokenless viewer opens are cleaned up and never create an owner (0.3736ms)
✔ viewer coordinator teardown destroys the raw adapter even when owner close fails (0.5849ms)
✔ same-panel replay replacement ignores a normal close revocation and reaches the second raw open (3.3005ms)
✔ M8 manifest exposes one honest Quick Apply command and no shortcut (1.5095ms)
✔ M8 extends the sole entrypoints setup with a synchronous handled command wrapper (1.2521ms)
✔ M8 normalizes Premiere's array-like plugin collection and targets the exact panel (0.4974ms)
✔ M8 accepts Premiere's documented Set plugin collection (0.2682ms)
✔ M8 helper always returns a Promise and converts synchronous host throws (0.7705ms)
✔ M8 rejects every unsupported plugin-manager and showPanel outcome (0.8048ms)
✔ M8 synchronous wrapper reports rejection once and never throws through the host (3.8586ms)
✔ M8 ships no simulated-key or native global-hotkey mechanism (13.6668ms)
✔ M8 cache revision is exact and uniform (0.4103ms)
✔ CCX verifier is fail-closed, confined, and validates the complete private bundle contract (4.1349ms)
✔ synthetic private-local CCX passes and reports package, inventory, and addon hashes (961.9373ms)
✔ synthetic zip-slip CCX is rejected before extraction and cannot escape (684.2378ms)
✔ synthetic Unix symlink CCX entry is rejected as a reparse-equivalent (775.4549ms)
✔ synthetic private-path payload is rejected inside an exact-allowlist runtime module (768.687ms)
✔ synthetic same-size post-inventory drift is rejected by per-file SHA-256 (869.1137ms)
✔ synthetic development-only module is rejected from the release bundle (950.8698ms)
✔ synthetic ordinary extra module is rejected by the exact file allowlist (728.9977ms)
✔ synthetic permission and host drift are rejected from the exact manifest contract (4049.6509ms)
✔ M9 diagnostics remain bounded and production-console silent by default (17.6475ms)
✔ M9 diagnostics redact paths, payloads, thumbnails, avatars, and byte-like strings (0.7047ms)
✔ M9 diagnostic console mirroring is explicit and receives only sanitized records (0.3085ms)
✔ M9 support summaries expose bounded structured codes and explicit privacy flags (1.8989ms)
✔ M9 Preferences re-whitelists support diagnostics and cannot export provider details (0.4479ms)
✔ M9 diagnostics load before application modules and Data & Diagnostics has a real bounded view (3.6432ms)
✔ M9 production UI contains no stale milestone-gate copy (0.9898ms)
✔ M9 package staging is explicit private-local acceptance and public release fails closed (0.8401ms)
✔ M9 stages one exact file allowlist and excludes unused modules (1.1109ms)
✔ M9 staging verifies one canonical addon, hashes, references, reparse points, and private paths (0.3335ms)
✔ M9 staging enforces the exact private-local manifest contract (0.174ms)
✔ M2 has one v3 replay store and keeps v2 storage strictly as a migration input (2.4588ms)
✔ permanent v3 history is uncapped and preserves exact export metadata (45.883ms)
✔ stable event delivery deduplicates while a physical overwrite remains a new replay (13.7115ms)
✔ raw thumbnail bytes are live-only and never enter persistent v3 state (0.4597ms)
✔ v3 ingest accepts exact local and UNC paths and rejects device, ADS, traversal, and relative forms (1.274ms)
✔ raw Base64 bridge thumbnails normalize in memory without becoming a stored URL (0.4031ms)
✔ native addon loader awaits require rejections and distinguishes invalid module shapes (7.7553ms)
✔ native addon loader accepts only callable exports with a ready self-test (3.0211ms)
✔ native addon loader rejects incomplete or throwing packaged font registration (1.9636ms)
[Oracle Native Drag][Path Resolution] {
  replayId: 'replay-1',
  availablePathProperties: [ 'filepath' ],
  canonicalPathPresent: true
}
[Oracle Native Drag][Event] {
  gestureId: 'gesture-1784219775975-1',
  replayId: 'replay-1',
  eventType: 'pointerdown',
  eventPhase: 0,
  buttons: 1,
  button: 0,
  pointerId: 42,
  movementSquared: 0,
  thresholdCrossed: false,
  nativeStarted: false,
  activationConsumed: false,
  targetTag: '',
  targetClasses: '',
  currentTargetTag: '',
  canonicalPathPresent: true
}
[Oracle Native Drag][Event] {
  gestureId: 'gesture-1784219775975-1',
  replayId: 'replay-1',
  eventType: 'pointermove',
  eventPhase: 0,
  buttons: 1,
  button: 0,
  pointerId: 42,
  movementSquared: 800,
  thresholdCrossed: false,
  nativeStarted: false,
  activationConsumed: false,
  targetTag: '',
  targetClasses: 'replay-card--drag-pending',
  currentTargetTag: '',
  canonicalPathPresent: true
}
[Oracle Native Drag][Event] {
  gestureId: 'gesture-1784219775975-1',
  replayId: 'replay-1',
  eventType: 'threshold-crossed',
  eventPhase: 0,
  buttons: 1,
  button: 0,
  pointerId: 42,
  movementSquared: 800,
  thresholdCrossed: true,
  nativeStarted: true,
  activationConsumed: true,
  targetTag: '',
  targetClasses: 'replay-card--drag-pending',
  currentTargetTag: '',
  canonicalPathPresent: true
}
[Oracle Native Drag][Invocation] {
  gestureId: 'gesture-1784219775975-1',
  replayId: 'replay-1',
  canonicalPathPresent: true,
  fileExists: 'unchecked-synchronously',
  startedAt: 1000,
  buttons: 1,
  workerState: 'ready',
  selfTest: { ok: true, oleWorkerState: 'ready' }
}
[Oracle Native Drag][Snapshot] {
  gestureId: 'gesture-1784219775975-1',
  replayId: 'replay-1',
  requestId: 1,
  stage: 'PROMISE_RESOLVED',
  elapsedMs: 1
}
[Oracle Native Drag][Snapshot JSON] {"gestureId":"gesture-1784219775975-1","replayId":"replay-1","requestId":1,"stage":"PROMISE_RESOLVED","elapsedMs":1}
✔ pointer movement over threshold never imports and starts native drag exactly once (10.8971ms)
[Oracle Native Drag][Gesture End] native-dispatch-returned {
  gestureId: 'gesture-1784219775975-1',
  replayId: 'replay-1',
  thresholdCrossed: true,
  nativeStarted: true,
  activationConsumed: true
}
[Oracle Native Drag][Result] {
  gestureId: 'gesture-1784219775975-1',
  replayId: 'replay-1',
  ok: true,
  dropped: false,
  cancelled: true,
  totalElapsedMs: 0,
  nativeDispatchMs: 0,
  errorCode: 'NATIVE_DRAG_CANCELLED'
}
Oracle native replay drag result {
  ok: true,
  dropped: false,
  cancelled: true,
  totalElapsedMs: 0,
  nativeDispatchMs: 0,
  errorCode: 'NATIVE_DRAG_CANCELLED'
}
✔ native drag returns a pending Promise without blocking snapshot polling (4.7044ms)
✔ post-OLE click and dblclick are consumed while ordinary activation remains separate (2.2531ms)
✔ native replay drag filters non-primary and interactive targets and cancels released buttons (0.945ms)
✔ native drag invokes OLE before any await or ProjectItem work and retains no playhead fallback (0.408ms)
✔ button release after threshold cannot cancel before native OLE invocation (1.8839ms)
✔ Escape after threshold is left to the active native OLE operation (1.7704ms)
✔ post-drop reconciliation retains the immutable path actually sent to OLE (1.5885ms)
✔ filesystem-style forward-slash Windows paths become valid native shell paths (2.4873ms)
✔ ProjectItem lookup scans the fresh active-project tree and accepts exact normalized paths only (2.7034ms)
✔ source readiness imports once, labels before drag readiness, and coalesces by exact path (4.0452ms)
✔ source readiness rescans and recreates a ProjectItem deleted after prewarm (2.423ms)
✔ post-drop verification resolves the new TrackItem and matches its prepared ProjectItem identity (2.6479ms)
✔ label reconciliation retries with bounded backoff and verifies label index 9 (1.3654ms)
✔ label reconciliation reports a structured timeout without importing media (1.6173ms)
✔ concurrent label reconciliation for one exact path is coalesced without importing a duplicate (1.5872ms)
✔ replay-bin and label actions are created synchronously inside lockedAccess (1.1918ms)
✔ performImport suppresses consumed drag activation and keeps importFiles outside the lock (1.9845ms)
✔ locked-access failures retain PROJECT_LOCK_REQUIRED and never become NO_REPLAY_PATH (1.8934ms)
✔ manifest enables the Release x64 hybrid addon without changing plugin version (0.508ms)
✔ onerror and onclose share exactly one 2000ms reconnect timer (3.1649ms)
✔ messages are parsed and delivered synchronously without a queue timer (1.8823ms)
✔ lifecycle reconciliation stays queued until its exact correlated ACK (2.1691ms)
✔ lifecycle reconciliation survives disconnect and retries the same request after reconnect (1.0996ms)
✔ lifecycle outbox survives panel destruction and restores the same request (2.2328ms)
✔ missing durable storage reports an honest boundary while retaining in-session delivery (1.2504ms)
✔ lifecycle ACK timeout retries three times before rotating the socket (1.2144ms)
✔ lifecycle NACK dequeues the bounded request and is delivered to the controller (2.1185ms)
✔ destroy cancels reconnect work and destroys every socket handler (1.7825ms)
✔ M2 store changes refresh the selector-driven workspace instead of mutating grid cards (2.1417ms)
✔ M2 snapshot rendering rebuilds ID rows and commits only a virtual window (1.7135ms)
✔ M3 production DOM updates avoid Premiere UXP's broken replaceChildren implementation (9.9505ms)
✔ M2 virtual grid keeps a 5000-replay library ID-driven and DOM-bounded (11.9735ms)
✔ visible logo does not schedule a perpetual animation timer (0.914ms)
✔ startup avoids mass-importing restored history and exposes an opt-in profiler (0.3495ms)
✔ thumbnail cards use persistent cache URLs without logging image payloads or paths (0.7453ms)
✔ replay import actions remain available independently of native drag and retain label 9 (3.5609ms)
✔ native timeline dragging uses delegated pointer handlers and has no HTML or playhead fallback (0.4026ms)
✔ M1 shell exposes centered navigation and profile controls without stale header copy (0.6744ms)
✔ card metadata orders title, resolution, date, real indicators, and status below duration (0.3342ms)
✔ grid column scaling coalesces resize work without a render loop (0.3385ms)
✔ UXP virtual rows use equal flex tracks without paint containment (0.3269ms)
✔ M1 packages and verifies Minecraft Regular, Five, and Ten semantic faces (3.7241ms)
✔ grid slider changes equal responsive grid tracks at every supported step (2.8954ms)
✔ one non-passive capture wheel listener handles cards and every descendant (4.2635ms)
✔ wheel input accumulates in both directions and clamps without consuming boundaries (1.1977ms)
✔ line and page deltas normalize while Ctrl+wheel and non-scrollable viewports pass through (0.6923ms)
✔ reduced motion scrolls immediately and replay pointerdown cancels pending motion (1.6894ms)
✔ explicit motion preference overrides the operating-system media query (2.8931ms)
✔ responsive grid coalesces resize work and keeps every track exactly equal (3.8494ms)
✔ card CSS uses deterministic equal flex tracks without intrinsic image growth (1.0112ms)
✔ filesystem fallback emits one stable new video without overlapping timers (16.2141ms)
✔ frozen Milestone 0 invariants stay on while accepted product milestones advance (0.9118ms)
✔ empty Oracle state is versioned, deterministic, and valid (2.2861ms)
✔ legacy v2 migration preserves replay metadata without persisting image bytes (3.074ms)
✔ v3 migration is idempotent and retains collections, curve presets, and preferences (1.4635ms)
✔ recovery rejects corrupt input and selects the newest valid complete snapshot (1.4932ms)
✔ migration rejects relative records without weakening the valid snapshot (10.7313ms)
✔ legacy entity ids stay stable when mutable metadata changes (1.1258ms)
✔ legacy UUIDs are order-independent and collection references are rewritten (0.8511ms)
✔ recovery never lets incomplete or future high-revision input beat a valid backup (0.5352ms)
ℹ tests 441
ℹ suites 0
ℹ pass 441
ℹ fail 0
ℹ cancelled 0
ℹ skipped 0
ℹ todo 0
ℹ duration_ms 10398.6023
