BEFORE_VISIBLE_TOP_LEVEL_COUNT=5

  Handle Title
  ------ -----
 1509634 
 2099870 Adobe Premiere - D:\Blocky HQ\Oracle Plugin (Premiere Pro)\com.blocky.oracle.v5\native\build\Untitled.prproj
13110158 
20777402 
87887754 


COMMAND_1_POSTED=True
COMMAND_2_POSTED=True
AFTER_VISIBLE_TOP_LEVEL_COUNT=5

  Handle Title
  ------ -----
 1509634 
 2099870 Adobe Premiere - D:\Blocky HQ\Oracle Plugin (Premiere Pro)\com.blocky.oracle.v5\native\build\Untitled.prproj
13110158 
20777402 
87887754 


NEW_HANDLES=0
REMOVED_HANDLES=0
