ORACLE USER-STATE PRESERVATION
GENERATED_AT=2026-07-16T12:43:31.8838475-04:00
LIVE_SCOPE=Developer
LIVE_FILES=14
LIVE_BYTES=689343
LIVE_TREE_SHA256=AAB964017E7AC3A822091ADE42391C07E50631E4E3B496191E286D4A7D331C6F
BACKUP_FILES=14
BACKUP_BYTES=689343
BACKUP_TREE_SHA256=AAB964017E7AC3A822091ADE42391C07E50631E4E3B496191E286D4A7D331C6F
MISMATCHES=0
STATE_SCHEMA=com.blocky.oracle.state
STATE_VERSION=3
STATE_REVISION=6979
STATE_WRITTEN_AT=2026-07-16T15:46:47.8600000Z
REPLAYS=66
COLLECTIONS=1
CURVE_PRESETS=0
RECIPES=0
RESTORE_ACTION=NONE
REASON=The substantive Developer user state is byte-identical to its preserved backup. External storage contains only newer acceptance-run cache/default state; overlay or cross-scope restore would discard newer data.
RESULT=PASS
